1747972608.374633 client started (174286): version 3.5a, socket /tmp/tmux-1000/default, protocol 8
1747972608.374674 on Linux 6.14.6-300.fc42.x86_64 #1 SMP PREEMPT_DYNAMIC Fri May  9 20:11:19 UTC 2025
1747972608.374698 using libevent 2.1.12-stable poll
1747972608.374705 using ncurses 6.5 20240629
1747972608.374739 flags are 0x18010000
1747972608.374758 socket is /tmp/tmux-1000/default
1747972608.374784 trying connect
1747972608.374905 add peer 0x56085ef38d20: 6 ((nil))
1747972608.375464 sending message 111 to peer 0x56085ef38d20 (8 bytes)
1747972608.375477 sending message 111 to peer 0x56085ef38d20 (8 bytes)
1747972608.375485 sending message 101 to peer 0x56085ef38d20 (14 bytes)
1747972608.375491 sending message 109 to peer 0x56085ef38d20 (4 bytes)
1747972608.375498 sending message 102 to peer 0x56085ef38d20 (12 bytes)
1747972608.375505 sending message 108 to peer 0x56085ef38d20 (23 bytes)
1747972608.375511 sending message 112 to peer 0x56085ef38d20 (70 bytes)
1747972608.375518 sending message 112 to peer 0x56085ef38d20 (5 bytes)
1747972608.375525 sending message 112 to peer 0x56085ef38d20 (5 bytes)
1747972608.375531 sending message 112 to peer 0x56085ef38d20 (6 bytes)
1747972608.375538 sending message 112 to peer 0x56085ef38d20 (6 bytes)
1747972608.375544 sending message 112 to peer 0x56085ef38d20 (11 bytes)
1747972608.375550 sending message 112 to peer 0x56085ef38d20 (10 bytes)
1747972608.375556 sending message 112 to peer 0x56085ef38d20 (13 bytes)
1747972608.375562 sending message 112 to peer 0x56085ef38d20 (13 bytes)
1747972608.375568 sending message 112 to peer 0x56085ef38d20 (18 bytes)
1747972608.375575 sending message 112 to peer 0x56085ef38d20 (11 bytes)
1747972608.375581 sending message 112 to peer 0x56085ef38d20 (10 bytes)
1747972608.375588 sending message 112 to peer 0x56085ef38d20 (15 bytes)
1747972608.375594 sending message 112 to peer 0x56085ef38d20 (21 bytes)
1747972608.375600 sending message 112 to peer 0x56085ef38d20 (13 bytes)
1747972608.375607 sending message 112 to peer 0x56085ef38d20 (7 bytes)
1747972608.375613 sending message 112 to peer 0x56085ef38d20 (13 bytes)
1747972608.375620 sending message 112 to peer 0x56085ef38d20 (7 bytes)
1747972608.375626 sending message 112 to peer 0x56085ef38d20 (13 bytes)
1747972608.375632 sending message 112 to peer 0x56085ef38d20 (9 bytes)
1747972608.375638 sending message 112 to peer 0x56085ef38d20 (21 bytes)
1747972608.375644 sending message 112 to peer 0x56085ef38d20 (13 bytes)
1747972608.375651 sending message 112 to peer 0x56085ef38d20 (8 bytes)
1747972608.375657 sending message 112 to peer 0x56085ef38d20 (12 bytes)
1747972608.375663 sending message 112 to peer 0x56085ef38d20 (13 bytes)
1747972608.375669 sending message 112 to peer 0x56085ef38d20 (9 bytes)
1747972608.375676 sending message 112 to peer 0x56085ef38d20 (9 bytes)
1747972608.375683 sending message 112 to peer 0x56085ef38d20 (12 bytes)
1747972608.375689 sending message 112 to peer 0x56085ef38d20 (8 bytes)
1747972608.375696 sending message 112 to peer 0x56085ef38d20 (8 bytes)
1747972608.375702 sending message 112 to peer 0x56085ef38d20 (7 bytes)
1747972608.375708 sending message 112 to peer 0x56085ef38d20 (7 bytes)
1747972608.375714 sending message 112 to peer 0x56085ef38d20 (9 bytes)
1747972608.375720 sending message 112 to peer 0x56085ef38d20 (13 bytes)
1747972608.375727 sending message 112 to peer 0x56085ef38d20 (6 bytes)
1747972608.375733 sending message 112 to peer 0x56085ef38d20 (9 bytes)
1747972608.375739 sending message 112 to peer 0x56085ef38d20 (15 bytes)
1747972608.375745 sending message 112 to peer 0x56085ef38d20 (13 bytes)
1747972608.375752 sending message 112 to peer 0x56085ef38d20 (12 bytes)
1747972608.375758 sending message 112 to peer 0x56085ef38d20 (8 bytes)
1747972608.375764 sending message 112 to peer 0x56085ef38d20 (14 bytes)
1747972608.375770 sending message 112 to peer 0x56085ef38d20 (11 bytes)
1747972608.375776 sending message 112 to peer 0x56085ef38d20 (9 bytes)
1747972608.375783 sending message 112 to peer 0x56085ef38d20 (10 bytes)
1747972608.375789 sending message 112 to peer 0x56085ef38d20 (10 bytes)
1747972608.375805 sending message 112 to peer 0x56085ef38d20 (10 bytes)
1747972608.375819 sending message 112 to peer 0x56085ef38d20 (10 bytes)
1747972608.375825 sending message 112 to peer 0x56085ef38d20 (11 bytes)
1747972608.375831 sending message 112 to peer 0x56085ef38d20 (12 bytes)
1747972608.375837 sending message 112 to peer 0x56085ef38d20 (12 bytes)
1747972608.375844 sending message 112 to peer 0x56085ef38d20 (12 bytes)
1747972608.375850 sending message 112 to peer 0x56085ef38d20 (12 bytes)
1747972608.375856 sending message 112 to peer 0x56085ef38d20 (12 bytes)
1747972608.375863 sending message 112 to peer 0x56085ef38d20 (11 bytes)
1747972608.375869 sending message 112 to peer 0x56085ef38d20 (11 bytes)
1747972608.375875 sending message 112 to peer 0x56085ef38d20 (12 bytes)
1747972608.375881 sending message 112 to peer 0x56085ef38d20 (12 bytes)
1747972608.375887 sending message 112 to peer 0x56085ef38d20 (12 bytes)
1747972608.375894 sending message 112 to peer 0x56085ef38d20 (12 bytes)
1747972608.375900 sending message 112 to peer 0x56085ef38d20 (12 bytes)
1747972608.375906 sending message 112 to peer 0x56085ef38d20 (10 bytes)
1747972608.375913 sending message 112 to peer 0x56085ef38d20 (12 bytes)
1747972608.375919 sending message 112 to peer 0x56085ef38d20 (13 bytes)
1747972608.375925 sending message 112 to peer 0x56085ef38d20 (13 bytes)
1747972608.375931 sending message 112 to peer 0x56085ef38d20 (13 bytes)
1747972608.375937 sending message 112 to peer 0x56085ef38d20 (13 bytes)
1747972608.375944 sending message 112 to peer 0x56085ef38d20 (13 bytes)
1747972608.375950 sending message 112 to peer 0x56085ef38d20 (8 bytes)
1747972608.375956 sending message 112 to peer 0x56085ef38d20 (11 bytes)
1747972608.375963 sending message 112 to peer 0x56085ef38d20 (11 bytes)
1747972608.375969 sending message 112 to peer 0x56085ef38d20 (11 bytes)
1747972608.375976 sending message 112 to peer 0x56085ef38d20 (12 bytes)
1747972608.375982 sending message 112 to peer 0x56085ef38d20 (12 bytes)
1747972608.375988 sending message 112 to peer 0x56085ef38d20 (12 bytes)
1747972608.375994 sending message 112 to peer 0x56085ef38d20 (12 bytes)
1747972608.376001 sending message 112 to peer 0x56085ef38d20 (13 bytes)
1747972608.376007 sending message 112 to peer 0x56085ef38d20 (13 bytes)
1747972608.376013 sending message 112 to peer 0x56085ef38d20 (13 bytes)
1747972608.376019 sending message 112 to peer 0x56085ef38d20 (8 bytes)
1747972608.376025 sending message 112 to peer 0x56085ef38d20 (13 bytes)
1747972608.376032 sending message 112 to peer 0x56085ef38d20 (13 bytes)
1747972608.376038 sending message 112 to peer 0x56085ef38d20 (13 bytes)
1747972608.376044 sending message 112 to peer 0x56085ef38d20 (13 bytes)
1747972608.376050 sending message 112 to peer 0x56085ef38d20 (13 bytes)
1747972608.376056 sending message 112 to peer 0x56085ef38d20 (12 bytes)
1747972608.376063 sending message 112 to peer 0x56085ef38d20 (12 bytes)
1747972608.376069 sending message 112 to peer 0x56085ef38d20 (12 bytes)
1747972608.376075 sending message 112 to peer 0x56085ef38d20 (12 bytes)
1747972608.376081 sending message 112 to peer 0x56085ef38d20 (13 bytes)
1747972608.376087 sending message 112 to peer 0x56085ef38d20 (8 bytes)
1747972608.376094 sending message 112 to peer 0x56085ef38d20 (13 bytes)
1747972608.376111 sending message 112 to peer 0x56085ef38d20 (13 bytes)
1747972608.376118 sending message 112 to peer 0x56085ef38d20 (13 bytes)
1747972608.376125 sending message 112 to peer 0x56085ef38d20 (13 bytes)
1747972608.376131 sending message 112 to peer 0x56085ef38d20 (13 bytes)
1747972608.376138 sending message 112 to peer 0x56085ef38d20 (13 bytes)
1747972608.376144 sending message 112 to peer 0x56085ef38d20 (13 bytes)
1747972608.376150 sending message 112 to peer 0x56085ef38d20 (12 bytes)
1747972608.376156 sending message 112 to peer 0x56085ef38d20 (12 bytes)
1747972608.376163 sending message 112 to peer 0x56085ef38d20 (12 bytes)
1747972608.376169 sending message 112 to peer 0x56085ef38d20 (8 bytes)
1747972608.376175 sending message 112 to peer 0x56085ef38d20 (12 bytes)
1747972608.376186 sending message 112 to peer 0x56085ef38d20 (13 bytes)
1747972608.376195 sending message 112 to peer 0x56085ef38d20 (13 bytes)
1747972608.376201 sending message 112 to peer 0x56085ef38d20 (13 bytes)
1747972608.376207 sending message 112 to peer 0x56085ef38d20 (13 bytes)
1747972608.376213 sending message 112 to peer 0x56085ef38d20 (13 bytes)
1747972608.376219 sending message 112 to peer 0x56085ef38d20 (13 bytes)
1747972608.376225 sending message 112 to peer 0x56085ef38d20 (13 bytes)
1747972608.376231 sending message 112 to peer 0x56085ef38d20 (13 bytes)
1747972608.376238 sending message 112 to peer 0x56085ef38d20 (12 bytes)
1747972608.376244 sending message 112 to peer 0x56085ef38d20 (10 bytes)
1747972608.376250 sending message 112 to peer 0x56085ef38d20 (12 bytes)
1747972608.376257 sending message 112 to peer 0x56085ef38d20 (12 bytes)
1747972608.376263 sending message 112 to peer 0x56085ef38d20 (12 bytes)
1747972608.376269 sending message 112 to peer 0x56085ef38d20 (13 bytes)
1747972608.376275 sending message 112 to peer 0x56085ef38d20 (13 bytes)
1747972608.376281 sending message 112 to peer 0x56085ef38d20 (13 bytes)
1747972608.376288 sending message 112 to peer 0x56085ef38d20 (13 bytes)
1747972608.376294 sending message 112 to peer 0x56085ef38d20 (13 bytes)
1747972608.376300 sending message 112 to peer 0x56085ef38d20 (13 bytes)
1747972608.376306 sending message 112 to peer 0x56085ef38d20 (13 bytes)
1747972608.376312 sending message 112 to peer 0x56085ef38d20 (10 bytes)
1747972608.376318 sending message 112 to peer 0x56085ef38d20 (13 bytes)
1747972608.376325 sending message 112 to peer 0x56085ef38d20 (12 bytes)
1747972608.376331 sending message 112 to peer 0x56085ef38d20 (12 bytes)
1747972608.376337 sending message 112 to peer 0x56085ef38d20 (12 bytes)
1747972608.376343 sending message 112 to peer 0x56085ef38d20 (10 bytes)
1747972608.376349 sending message 112 to peer 0x56085ef38d20 (10 bytes)
1747972608.376355 sending message 112 to peer 0x56085ef38d20 (10 bytes)
1747972608.376361 sending message 112 to peer 0x56085ef38d20 (12 bytes)
1747972608.376368 sending message 112 to peer 0x56085ef38d20 (13 bytes)
1747972608.376374 sending message 112 to peer 0x56085ef38d20 (13 bytes)
1747972608.376380 sending message 112 to peer 0x56085ef38d20 (13 bytes)
1747972608.376386 sending message 112 to peer 0x56085ef38d20 (13 bytes)
1747972608.376392 sending message 112 to peer 0x56085ef38d20 (13 bytes)
1747972608.376398 sending message 112 to peer 0x56085ef38d20 (11 bytes)
1747972608.376404 sending message 112 to peer 0x56085ef38d20 (11 bytes)
1747972608.376411 sending message 112 to peer 0x56085ef38d20 (12 bytes)
1747972608.376417 sending message 112 to peer 0x56085ef38d20 (12 bytes)
1747972608.376423 sending message 112 to peer 0x56085ef38d20 (12 bytes)
1747972608.376429 sending message 112 to peer 0x56085ef38d20 (12 bytes)
1747972608.376435 sending message 112 to peer 0x56085ef38d20 (12 bytes)
1747972608.376442 sending message 112 to peer 0x56085ef38d20 (11 bytes)
1747972608.376448 sending message 112 to peer 0x56085ef38d20 (12 bytes)
1747972608.376454 sending message 112 to peer 0x56085ef38d20 (12 bytes)
1747972608.376460 sending message 112 to peer 0x56085ef38d20 (13 bytes)
1747972608.376466 sending message 112 to peer 0x56085ef38d20 (13 bytes)
1747972608.376473 sending message 112 to peer 0x56085ef38d20 (13 bytes)
1747972608.376479 sending message 112 to peer 0x56085ef38d20 (13 bytes)
1747972608.376485 sending message 112 to peer 0x56085ef38d20 (13 bytes)
1747972608.376491 sending message 112 to peer 0x56085ef38d20 (10 bytes)
1747972608.376497 sending message 112 to peer 0x56085ef38d20 (9 bytes)
1747972608.376504 sending message 112 to peer 0x56085ef38d20 (12 bytes)
1747972608.376510 sending message 112 to peer 0x56085ef38d20 (13 bytes)
1747972608.376516 sending message 112 to peer 0x56085ef38d20 (13 bytes)
1747972608.376522 sending message 112 to peer 0x56085ef38d20 (13 bytes)
1747972608.376528 sending message 112 to peer 0x56085ef38d20 (13 bytes)
1747972608.376534 sending message 112 to peer 0x56085ef38d20 (13 bytes)
1747972608.376545 sending message 112 to peer 0x56085ef38d20 (9 bytes)
1747972608.376553 sending message 112 to peer 0x56085ef38d20 (12 bytes)
1747972608.376559 sending message 112 to peer 0x56085ef38d20 (13 bytes)
1747972608.376565 sending message 112 to peer 0x56085ef38d20 (13 bytes)
1747972608.376572 sending message 112 to peer 0x56085ef38d20 (13 bytes)
1747972608.376578 sending message 112 to peer 0x56085ef38d20 (13 bytes)
1747972608.376584 sending message 112 to peer 0x56085ef38d20 (13 bytes)
1747972608.376590 sending message 112 to peer 0x56085ef38d20 (11 bytes)
1747972608.376597 sending message 112 to peer 0x56085ef38d20 (12 bytes)
1747972608.376603 sending message 112 to peer 0x56085ef38d20 (13 bytes)
1747972608.376609 sending message 112 to peer 0x56085ef38d20 (13 bytes)
1747972608.376615 sending message 112 to peer 0x56085ef38d20 (13 bytes)
1747972608.376621 sending message 112 to peer 0x56085ef38d20 (13 bytes)
1747972608.376627 sending message 112 to peer 0x56085ef38d20 (13 bytes)
1747972608.376634 sending message 112 to peer 0x56085ef38d20 (11 bytes)
1747972608.376640 sending message 112 to peer 0x56085ef38d20 (12 bytes)
1747972608.376646 sending message 112 to peer 0x56085ef38d20 (12 bytes)
1747972608.376652 sending message 112 to peer 0x56085ef38d20 (12 bytes)
1747972608.376659 sending message 112 to peer 0x56085ef38d20 (12 bytes)
1747972608.376665 sending message 112 to peer 0x56085ef38d20 (12 bytes)
1747972608.376672 sending message 112 to peer 0x56085ef38d20 (21 bytes)
1747972608.376678 sending message 112 to peer 0x56085ef38d20 (12 bytes)
1747972608.376685 sending message 112 to peer 0x56085ef38d20 (9 bytes)
1747972608.376691 sending message 112 to peer 0x56085ef38d20 (6 bytes)
1747972608.376698 sending message 112 to peer 0x56085ef38d20 (13 bytes)
1747972608.376704 sending message 112 to peer 0x56085ef38d20 (8 bytes)
1747972608.376711 sending message 112 to peer 0x56085ef38d20 (15 bytes)
1747972608.376718 sending message 112 to peer 0x56085ef38d20 (13 bytes)
1747972608.376725 sending message 112 to peer 0x56085ef38d20 (9 bytes)
1747972608.376732 sending message 112 to peer 0x56085ef38d20 (70 bytes)
1747972608.376738 sending message 112 to peer 0x56085ef38d20 (69 bytes)
1747972608.376745 sending message 112 to peer 0x56085ef38d20 (10 bytes)
1747972608.376751 sending message 112 to peer 0x56085ef38d20 (10 bytes)
1747972608.376758 sending message 112 to peer 0x56085ef38d20 (8 bytes)
1747972608.376765 sending message 112 to peer 0x56085ef38d20 (15 bytes)
1747972608.376771 sending message 112 to peer 0x56085ef38d20 (13 bytes)
1747972608.376777 sending message 112 to peer 0x56085ef38d20 (10 bytes)
1747972608.376784 sending message 112 to peer 0x56085ef38d20 (10 bytes)
1747972608.376790 sending message 112 to peer 0x56085ef38d20 (17 bytes)
1747972608.376796 sending message 112 to peer 0x56085ef38d20 (10 bytes)
1747972608.376803 sending message 112 to peer 0x56085ef38d20 (13 bytes)
1747972608.376809 sending message 112 to peer 0x56085ef38d20 (9 bytes)
1747972608.376816 sending message 112 to peer 0x56085ef38d20 (5 bytes)
1747972608.376822 sending message 112 to peer 0x56085ef38d20 (15 bytes)
1747972608.376831 sending message 104 to peer 0x56085ef38d20 (0 bytes)
1747972608.376839 sending message 110 to peer 0x56085ef38d20 (0 bytes)
1747972608.376846 sending message 107 to peer 0x56085ef38d20 (4 bytes)
1747972608.376853 sending message 105 to peer 0x56085ef38d20 (20 bytes)
1747972608.376860 sending message 105 to peer 0x56085ef38d20 (33 bytes)
1747972608.376867 sending message 105 to peer 0x56085ef38d20 (32 bytes)
1747972608.376873 sending message 105 to peer 0x56085ef38d20 (78 bytes)
1747972608.376880 sending message 105 to peer 0x56085ef38d20 (20 bytes)
1747972608.376887 sending message 105 to peer 0x56085ef38d20 (17 bytes)
1747972608.376894 sending message 105 to peer 0x56085ef38d20 (103 bytes)
1747972608.376901 sending message 105 to peer 0x56085ef38d20 (8 bytes)
1747972608.376908 sending message 105 to peer 0x56085ef38d20 (58 bytes)
1747972608.376916 sending message 105 to peer 0x56085ef38d20 (59 bytes)
1747972608.376928 sending message 105 to peer 0x56085ef38d20 (34 bytes)
1747972608.376937 sending message 105 to peer 0x56085ef38d20 (24 bytes)
1747972608.376945 sending message 105 to peer 0x56085ef38d20 (26 bytes)
1747972608.376952 sending message 105 to peer 0x56085ef38d20 (43 bytes)
1747972608.376960 sending message 105 to peer 0x56085ef38d20 (16 bytes)
1747972608.376967 sending message 105 to peer 0x56085ef38d20 (20 bytes)
1747972608.376975 sending message 105 to peer 0x56085ef38d20 (43 bytes)
1747972608.376982 sending message 105 to peer 0x56085ef38d20 (10 bytes)
1747972608.376989 sending message 105 to peer 0x56085ef38d20 (29 bytes)
1747972608.376996 sending message 105 to peer 0x56085ef38d20 (46 bytes)
1747972608.377004 sending message 105 to peer 0x56085ef38d20 (51 bytes)
1747972608.377011 sending message 105 to peer 0x56085ef38d20 (56 bytes)
1747972608.377018 sending message 105 to peer 0x56085ef38d20 (34 bytes)
1747972608.377025 sending message 105 to peer 0x56085ef38d20 (40 bytes)
1747972608.377033 sending message 105 to peer 0x56085ef38d20 (20 bytes)
1747972608.377041 sending message 105 to peer 0x56085ef38d20 (23 bytes)
1747972608.377048 sending message 105 to peer 0x56085ef38d20 (26 bytes)
1747972608.377056 sending message 105 to peer 0x56085ef38d20 (69 bytes)
1747972608.377064 sending message 105 to peer 0x56085ef38d20 (25 bytes)
1747972608.377071 sending message 105 to peer 0x56085ef38d20 (20 bytes)
1747972608.377079 sending message 105 to peer 0x56085ef38d20 (21 bytes)
1747972608.377086 sending message 105 to peer 0x56085ef38d20 (15 bytes)
1747972608.377094 sending message 105 to peer 0x56085ef38d20 (27 bytes)
1747972608.377113 sending message 105 to peer 0x56085ef38d20 (24 bytes)
1747972608.377121 sending message 105 to peer 0x56085ef38d20 (24 bytes)
1747972608.377129 sending message 105 to peer 0x56085ef38d20 (12 bytes)
1747972608.377136 sending message 105 to peer 0x56085ef38d20 (25 bytes)
1747972608.377144 sending message 105 to peer 0x56085ef38d20 (22 bytes)
1747972608.377151 sending message 105 to peer 0x56085ef38d20 (39 bytes)
1747972608.377158 sending message 105 to peer 0x56085ef38d20 (35 bytes)
1747972608.377166 sending message 105 to peer 0x56085ef38d20 (16 bytes)
1747972608.377174 sending message 105 to peer 0x56085ef38d20 (32 bytes)
1747972608.377181 sending message 105 to peer 0x56085ef38d20 (40 bytes)
1747972608.377189 sending message 105 to peer 0x56085ef38d20 (15 bytes)
1747972608.377196 sending message 105 to peer 0x56085ef38d20 (33 bytes)
1747972608.377203 sending message 105 to peer 0x56085ef38d20 (17 bytes)
1747972608.377211 sending message 105 to peer 0x56085ef38d20 (57 bytes)
1747972608.377220 sending message 105 to peer 0x56085ef38d20 (1905 bytes)
1747972608.377259 sending message 105 to peer 0x56085ef38d20 (24 bytes)
1747972608.377267 sending message 105 to peer 0x56085ef38d20 (37 bytes)
1747972608.377275 sending message 105 to peer 0x56085ef38d20 (53 bytes)
1747972608.377283 sending message 105 to peer 0x56085ef38d20 (138 bytes)
1747972608.377290 sending message 105 to peer 0x56085ef38d20 (26 bytes)
1747972608.377298 sending message 105 to peer 0x56085ef38d20 (29 bytes)
1747972608.377305 sending message 105 to peer 0x56085ef38d20 (17 bytes)
1747972608.377312 sending message 105 to peer 0x56085ef38d20 (28 bytes)
1747972608.377320 sending message 105 to peer 0x56085ef38d20 (55 bytes)
1747972608.377329 sending message 105 to peer 0x56085ef38d20 (52 bytes)
1747972608.377341 sending message 105 to peer 0x56085ef38d20 (47 bytes)
1747972608.377350 sending message 105 to peer 0x56085ef38d20 (16 bytes)
1747972608.377357 sending message 105 to peer 0x56085ef38d20 (23 bytes)
1747972608.377364 sending message 105 to peer 0x56085ef38d20 (26 bytes)
1747972608.377371 sending message 105 to peer 0x56085ef38d20 (21 bytes)
1747972608.377379 sending message 105 to peer 0x56085ef38d20 (23 bytes)
1747972608.377386 sending message 105 to peer 0x56085ef38d20 (73 bytes)
1747972608.377393 sending message 105 to peer 0x56085ef38d20 (22 bytes)
1747972608.377401 sending message 105 to peer 0x56085ef38d20 (28 bytes)
1747972608.377413 sending message 105 to peer 0x56085ef38d20 (23 bytes)
1747972608.377423 sending message 105 to peer 0x56085ef38d20 (19 bytes)
1747972608.377431 sending message 105 to peer 0x56085ef38d20 (35 bytes)
1747972608.377438 sending message 105 to peer 0x56085ef38d20 (9 bytes)
1747972608.377446 sending message 105 to peer 0x56085ef38d20 (14 bytes)
1747972608.377453 sending message 105 to peer 0x56085ef38d20 (35 bytes)
1747972608.377460 sending message 105 to peer 0x56085ef38d20 (23 bytes)
1747972608.377467 sending message 105 to peer 0x56085ef38d20 (22 bytes)
1747972608.377475 sending message 105 to peer 0x56085ef38d20 (50 bytes)
1747972608.377482 sending message 105 to peer 0x56085ef38d20 (11 bytes)
1747972608.377489 sending message 105 to peer 0x56085ef38d20 (8 bytes)
1747972608.377496 sending message 105 to peer 0x56085ef38d20 (14 bytes)
1747972608.377504 sending message 105 to peer 0x56085ef38d20 (11 bytes)
1747972608.377511 sending message 105 to peer 0x56085ef38d20 (12 bytes)
1747972608.377518 sending message 105 to peer 0x56085ef38d20 (11 bytes)
1747972608.377525 sending message 105 to peer 0x56085ef38d20 (17 bytes)
1747972608.377532 sending message 105 to peer 0x56085ef38d20 (59 bytes)
1747972608.377540 sending message 105 to peer 0x56085ef38d20 (27 bytes)
1747972608.377548 sending message 105 to peer 0x56085ef38d20 (155 bytes)
1747972608.377556 sending message 105 to peer 0x56085ef38d20 (21 bytes)
1747972608.377563 sending message 105 to peer 0x56085ef38d20 (43 bytes)
1747972608.377570 sending message 105 to peer 0x56085ef38d20 (31 bytes)
1747972608.377578 sending message 105 to peer 0x56085ef38d20 (28 bytes)
1747972608.377585 sending message 105 to peer 0x56085ef38d20 (55 bytes)
1747972608.377592 sending message 105 to peer 0x56085ef38d20 (40 bytes)
1747972608.377599 sending message 105 to peer 0x56085ef38d20 (13 bytes)
1747972608.377607 sending message 105 to peer 0x56085ef38d20 (30 bytes)
1747972608.377614 sending message 105 to peer 0x56085ef38d20 (23 bytes)
1747972608.377622 sending message 105 to peer 0x56085ef38d20 (141 bytes)
1747972608.377629 sending message 105 to peer 0x56085ef38d20 (22 bytes)
1747972608.377637 sending message 105 to peer 0x56085ef38d20 (478 bytes)
1747972608.377645 sending message 105 to peer 0x56085ef38d20 (24 bytes)
1747972608.377652 sending message 105 to peer 0x56085ef38d20 (54 bytes)
1747972608.377659 sending message 105 to peer 0x56085ef38d20 (166 bytes)
1747972608.377667 sending message 105 to peer 0x56085ef38d20 (28 bytes)
1747972608.377674 sending message 105 to peer 0x56085ef38d20 (50 bytes)
1747972608.377682 sending message 105 to peer 0x56085ef38d20 (25 bytes)
1747972608.377689 sending message 105 to peer 0x56085ef38d20 (29 bytes)
1747972608.377696 sending message 105 to peer 0x56085ef38d20 (15 bytes)
1747972608.377703 sending message 105 to peer 0x56085ef38d20 (25 bytes)
1747972608.377711 sending message 105 to peer 0x56085ef38d20 (18 bytes)
1747972608.377718 sending message 105 to peer 0x56085ef38d20 (32 bytes)
1747972608.377725 sending message 105 to peer 0x56085ef38d20 (16 bytes)
1747972608.377732 sending message 106 to peer 0x56085ef38d20 (0 bytes)
1747972608.377829 cmd_pack_argv: argv[0]=new
1747972608.377837 sending message 200 to peer 0x56085ef38d20 (8 bytes)
1747972608.377844 client loop enter
1747972608.391185 peer 0x56085ef38d20 message 207
1747972608.391217 sending message 208 to peer 0x56085ef38d20 (0 bytes)
1747972620.903680 peer 0x56085ef38d20 message 203
1747972620.903717 sending message 205 to peer 0x56085ef38d20 (0 bytes)
1747972620.904784 peer 0x56085ef38d20 message 204
1747972620.904794 client loop exit
