1747972582.468413 client started (173684): version 3.5a, socket /tmp/tmux-1000/default, protocol 8
1747972582.468453 on Linux 6.14.6-300.fc42.x86_64 #1 SMP PREEMPT_DYNAMIC Fri May  9 20:11:19 UTC 2025
1747972582.468471 using libevent 2.1.12-stable poll
1747972582.468479 using ncurses 6.5 20240629
1747972582.468508 flags are 0x10010000
1747972582.468529 socket is /tmp/tmux-1000/default
1747972582.468555 trying connect
1747972582.468680 add peer 0x55b94010cdb0: 6 ((nil))
1747972582.469327 sending message 111 to peer 0x55b94010cdb0 (8 bytes)
1747972582.469341 sending message 111 to peer 0x55b94010cdb0 (8 bytes)
1747972582.469348 sending message 101 to peer 0x55b94010cdb0 (14 bytes)
1747972582.469355 sending message 109 to peer 0x55b94010cdb0 (4 bytes)
1747972582.469362 sending message 102 to peer 0x55b94010cdb0 (12 bytes)
1747972582.469369 sending message 108 to peer 0x55b94010cdb0 (23 bytes)
1747972582.469376 sending message 112 to peer 0x55b94010cdb0 (70 bytes)
1747972582.469384 sending message 112 to peer 0x55b94010cdb0 (5 bytes)
1747972582.469390 sending message 112 to peer 0x55b94010cdb0 (5 bytes)
1747972582.469397 sending message 112 to peer 0x55b94010cdb0 (6 bytes)
1747972582.469403 sending message 112 to peer 0x55b94010cdb0 (6 bytes)
1747972582.469410 sending message 112 to peer 0x55b94010cdb0 (11 bytes)
1747972582.469416 sending message 112 to peer 0x55b94010cdb0 (10 bytes)
1747972582.469423 sending message 112 to peer 0x55b94010cdb0 (13 bytes)
1747972582.469429 sending message 112 to peer 0x55b94010cdb0 (13 bytes)
1747972582.469435 sending message 112 to peer 0x55b94010cdb0 (18 bytes)
1747972582.469442 sending message 112 to peer 0x55b94010cdb0 (11 bytes)
1747972582.469449 sending message 112 to peer 0x55b94010cdb0 (10 bytes)
1747972582.469455 sending message 112 to peer 0x55b94010cdb0 (15 bytes)
1747972582.469462 sending message 112 to peer 0x55b94010cdb0 (21 bytes)
1747972582.469468 sending message 112 to peer 0x55b94010cdb0 (13 bytes)
1747972582.469475 sending message 112 to peer 0x55b94010cdb0 (7 bytes)
1747972582.469482 sending message 112 to peer 0x55b94010cdb0 (13 bytes)
1747972582.469488 sending message 112 to peer 0x55b94010cdb0 (7 bytes)
1747972582.469494 sending message 112 to peer 0x55b94010cdb0 (13 bytes)
1747972582.469501 sending message 112 to peer 0x55b94010cdb0 (9 bytes)
1747972582.469507 sending message 112 to peer 0x55b94010cdb0 (21 bytes)
1747972582.469514 sending message 112 to peer 0x55b94010cdb0 (13 bytes)
1747972582.469520 sending message 112 to peer 0x55b94010cdb0 (8 bytes)
1747972582.469527 sending message 112 to peer 0x55b94010cdb0 (12 bytes)
1747972582.469533 sending message 112 to peer 0x55b94010cdb0 (13 bytes)
1747972582.469539 sending message 112 to peer 0x55b94010cdb0 (9 bytes)
1747972582.469546 sending message 112 to peer 0x55b94010cdb0 (9 bytes)
1747972582.469552 sending message 112 to peer 0x55b94010cdb0 (12 bytes)
1747972582.469558 sending message 112 to peer 0x55b94010cdb0 (8 bytes)
1747972582.469565 sending message 112 to peer 0x55b94010cdb0 (8 bytes)
1747972582.469571 sending message 112 to peer 0x55b94010cdb0 (7 bytes)
1747972582.469578 sending message 112 to peer 0x55b94010cdb0 (7 bytes)
1747972582.469584 sending message 112 to peer 0x55b94010cdb0 (9 bytes)
1747972582.469591 sending message 112 to peer 0x55b94010cdb0 (13 bytes)
1747972582.469597 sending message 112 to peer 0x55b94010cdb0 (6 bytes)
1747972582.469604 sending message 112 to peer 0x55b94010cdb0 (9 bytes)
1747972582.469610 sending message 112 to peer 0x55b94010cdb0 (15 bytes)
1747972582.469616 sending message 112 to peer 0x55b94010cdb0 (13 bytes)
1747972582.469623 sending message 112 to peer 0x55b94010cdb0 (12 bytes)
1747972582.469629 sending message 112 to peer 0x55b94010cdb0 (8 bytes)
1747972582.469636 sending message 112 to peer 0x55b94010cdb0 (14 bytes)
1747972582.469642 sending message 112 to peer 0x55b94010cdb0 (11 bytes)
1747972582.469648 sending message 112 to peer 0x55b94010cdb0 (9 bytes)
1747972582.469655 sending message 112 to peer 0x55b94010cdb0 (10 bytes)
1747972582.469661 sending message 112 to peer 0x55b94010cdb0 (10 bytes)
1747972582.469678 sending message 112 to peer 0x55b94010cdb0 (10 bytes)
1747972582.469692 sending message 112 to peer 0x55b94010cdb0 (10 bytes)
1747972582.469698 sending message 112 to peer 0x55b94010cdb0 (11 bytes)
1747972582.469705 sending message 112 to peer 0x55b94010cdb0 (12 bytes)
1747972582.469711 sending message 112 to peer 0x55b94010cdb0 (12 bytes)
1747972582.469718 sending message 112 to peer 0x55b94010cdb0 (12 bytes)
1747972582.469724 sending message 112 to peer 0x55b94010cdb0 (12 bytes)
1747972582.469731 sending message 112 to peer 0x55b94010cdb0 (12 bytes)
1747972582.469737 sending message 112 to peer 0x55b94010cdb0 (11 bytes)
1747972582.469744 sending message 112 to peer 0x55b94010cdb0 (11 bytes)
1747972582.469750 sending message 112 to peer 0x55b94010cdb0 (12 bytes)
1747972582.469757 sending message 112 to peer 0x55b94010cdb0 (12 bytes)
1747972582.469763 sending message 112 to peer 0x55b94010cdb0 (12 bytes)
1747972582.469770 sending message 112 to peer 0x55b94010cdb0 (12 bytes)
1747972582.469776 sending message 112 to peer 0x55b94010cdb0 (12 bytes)
1747972582.469783 sending message 112 to peer 0x55b94010cdb0 (10 bytes)
1747972582.469789 sending message 112 to peer 0x55b94010cdb0 (12 bytes)
1747972582.469796 sending message 112 to peer 0x55b94010cdb0 (13 bytes)
1747972582.469802 sending message 112 to peer 0x55b94010cdb0 (13 bytes)
1747972582.469809 sending message 112 to peer 0x55b94010cdb0 (13 bytes)
1747972582.469815 sending message 112 to peer 0x55b94010cdb0 (13 bytes)
1747972582.469822 sending message 112 to peer 0x55b94010cdb0 (13 bytes)
1747972582.469828 sending message 112 to peer 0x55b94010cdb0 (8 bytes)
1747972582.469835 sending message 112 to peer 0x55b94010cdb0 (11 bytes)
1747972582.469842 sending message 112 to peer 0x55b94010cdb0 (11 bytes)
1747972582.469848 sending message 112 to peer 0x55b94010cdb0 (11 bytes)
1747972582.469855 sending message 112 to peer 0x55b94010cdb0 (12 bytes)
1747972582.469861 sending message 112 to peer 0x55b94010cdb0 (12 bytes)
1747972582.469868 sending message 112 to peer 0x55b94010cdb0 (12 bytes)
1747972582.469874 sending message 112 to peer 0x55b94010cdb0 (12 bytes)
1747972582.469881 sending message 112 to peer 0x55b94010cdb0 (13 bytes)
1747972582.469887 sending message 112 to peer 0x55b94010cdb0 (13 bytes)
1747972582.469894 sending message 112 to peer 0x55b94010cdb0 (13 bytes)
1747972582.469900 sending message 112 to peer 0x55b94010cdb0 (8 bytes)
1747972582.469907 sending message 112 to peer 0x55b94010cdb0 (13 bytes)
1747972582.469913 sending message 112 to peer 0x55b94010cdb0 (13 bytes)
1747972582.469920 sending message 112 to peer 0x55b94010cdb0 (13 bytes)
1747972582.469926 sending message 112 to peer 0x55b94010cdb0 (13 bytes)
1747972582.469933 sending message 112 to peer 0x55b94010cdb0 (13 bytes)
1747972582.469939 sending message 112 to peer 0x55b94010cdb0 (12 bytes)
1747972582.469946 sending message 112 to peer 0x55b94010cdb0 (12 bytes)
1747972582.469952 sending message 112 to peer 0x55b94010cdb0 (12 bytes)
1747972582.469959 sending message 112 to peer 0x55b94010cdb0 (12 bytes)
1747972582.469965 sending message 112 to peer 0x55b94010cdb0 (13 bytes)
1747972582.469972 sending message 112 to peer 0x55b94010cdb0 (8 bytes)
1747972582.469978 sending message 112 to peer 0x55b94010cdb0 (13 bytes)
1747972582.469985 sending message 112 to peer 0x55b94010cdb0 (13 bytes)
1747972582.469991 sending message 112 to peer 0x55b94010cdb0 (13 bytes)
1747972582.469998 sending message 112 to peer 0x55b94010cdb0 (13 bytes)
1747972582.470004 sending message 112 to peer 0x55b94010cdb0 (13 bytes)
1747972582.470011 sending message 112 to peer 0x55b94010cdb0 (13 bytes)
1747972582.470017 sending message 112 to peer 0x55b94010cdb0 (13 bytes)
1747972582.470024 sending message 112 to peer 0x55b94010cdb0 (12 bytes)
1747972582.470030 sending message 112 to peer 0x55b94010cdb0 (12 bytes)
1747972582.470036 sending message 112 to peer 0x55b94010cdb0 (12 bytes)
1747972582.470043 sending message 112 to peer 0x55b94010cdb0 (8 bytes)
1747972582.470049 sending message 112 to peer 0x55b94010cdb0 (12 bytes)
1747972582.470061 sending message 112 to peer 0x55b94010cdb0 (13 bytes)
1747972582.470070 sending message 112 to peer 0x55b94010cdb0 (13 bytes)
1747972582.470077 sending message 112 to peer 0x55b94010cdb0 (13 bytes)
1747972582.470083 sending message 112 to peer 0x55b94010cdb0 (13 bytes)
1747972582.470090 sending message 112 to peer 0x55b94010cdb0 (13 bytes)
1747972582.470096 sending message 112 to peer 0x55b94010cdb0 (13 bytes)
1747972582.470112 sending message 112 to peer 0x55b94010cdb0 (13 bytes)
1747972582.470118 sending message 112 to peer 0x55b94010cdb0 (13 bytes)
1747972582.470125 sending message 112 to peer 0x55b94010cdb0 (12 bytes)
1747972582.470131 sending message 112 to peer 0x55b94010cdb0 (10 bytes)
1747972582.470138 sending message 112 to peer 0x55b94010cdb0 (12 bytes)
1747972582.470144 sending message 112 to peer 0x55b94010cdb0 (12 bytes)
1747972582.470151 sending message 112 to peer 0x55b94010cdb0 (12 bytes)
1747972582.470157 sending message 112 to peer 0x55b94010cdb0 (13 bytes)
1747972582.470164 sending message 112 to peer 0x55b94010cdb0 (13 bytes)
1747972582.470170 sending message 112 to peer 0x55b94010cdb0 (13 bytes)
1747972582.470176 sending message 112 to peer 0x55b94010cdb0 (13 bytes)
1747972582.470183 sending message 112 to peer 0x55b94010cdb0 (13 bytes)
1747972582.470189 sending message 112 to peer 0x55b94010cdb0 (13 bytes)
1747972582.470196 sending message 112 to peer 0x55b94010cdb0 (13 bytes)
1747972582.470202 sending message 112 to peer 0x55b94010cdb0 (10 bytes)
1747972582.470209 sending message 112 to peer 0x55b94010cdb0 (13 bytes)
1747972582.470215 sending message 112 to peer 0x55b94010cdb0 (12 bytes)
1747972582.470222 sending message 112 to peer 0x55b94010cdb0 (12 bytes)
1747972582.470228 sending message 112 to peer 0x55b94010cdb0 (12 bytes)
1747972582.470234 sending message 112 to peer 0x55b94010cdb0 (10 bytes)
1747972582.470241 sending message 112 to peer 0x55b94010cdb0 (10 bytes)
1747972582.470247 sending message 112 to peer 0x55b94010cdb0 (10 bytes)
1747972582.470254 sending message 112 to peer 0x55b94010cdb0 (12 bytes)
1747972582.470260 sending message 112 to peer 0x55b94010cdb0 (13 bytes)
1747972582.470267 sending message 112 to peer 0x55b94010cdb0 (13 bytes)
1747972582.470273 sending message 112 to peer 0x55b94010cdb0 (13 bytes)
1747972582.470280 sending message 112 to peer 0x55b94010cdb0 (13 bytes)
1747972582.470286 sending message 112 to peer 0x55b94010cdb0 (13 bytes)
1747972582.470293 sending message 112 to peer 0x55b94010cdb0 (11 bytes)
1747972582.470299 sending message 112 to peer 0x55b94010cdb0 (11 bytes)
1747972582.470306 sending message 112 to peer 0x55b94010cdb0 (12 bytes)
1747972582.470312 sending message 112 to peer 0x55b94010cdb0 (12 bytes)
1747972582.470318 sending message 112 to peer 0x55b94010cdb0 (12 bytes)
1747972582.470325 sending message 112 to peer 0x55b94010cdb0 (12 bytes)
1747972582.470331 sending message 112 to peer 0x55b94010cdb0 (12 bytes)
1747972582.470338 sending message 112 to peer 0x55b94010cdb0 (11 bytes)
1747972582.470344 sending message 112 to peer 0x55b94010cdb0 (12 bytes)
1747972582.470351 sending message 112 to peer 0x55b94010cdb0 (12 bytes)
1747972582.470357 sending message 112 to peer 0x55b94010cdb0 (13 bytes)
1747972582.470364 sending message 112 to peer 0x55b94010cdb0 (13 bytes)
1747972582.470370 sending message 112 to peer 0x55b94010cdb0 (13 bytes)
1747972582.470377 sending message 112 to peer 0x55b94010cdb0 (13 bytes)
1747972582.470383 sending message 112 to peer 0x55b94010cdb0 (13 bytes)
1747972582.470390 sending message 112 to peer 0x55b94010cdb0 (10 bytes)
1747972582.470396 sending message 112 to peer 0x55b94010cdb0 (9 bytes)
1747972582.470403 sending message 112 to peer 0x55b94010cdb0 (12 bytes)
1747972582.470409 sending message 112 to peer 0x55b94010cdb0 (13 bytes)
1747972582.470416 sending message 112 to peer 0x55b94010cdb0 (13 bytes)
1747972582.470422 sending message 112 to peer 0x55b94010cdb0 (13 bytes)
1747972582.470428 sending message 112 to peer 0x55b94010cdb0 (13 bytes)
1747972582.470435 sending message 112 to peer 0x55b94010cdb0 (13 bytes)
1747972582.470446 sending message 112 to peer 0x55b94010cdb0 (9 bytes)
1747972582.470455 sending message 112 to peer 0x55b94010cdb0 (12 bytes)
1747972582.470462 sending message 112 to peer 0x55b94010cdb0 (13 bytes)
1747972582.470468 sending message 112 to peer 0x55b94010cdb0 (13 bytes)
1747972582.470474 sending message 112 to peer 0x55b94010cdb0 (13 bytes)
1747972582.470481 sending message 112 to peer 0x55b94010cdb0 (13 bytes)
1747972582.470487 sending message 112 to peer 0x55b94010cdb0 (13 bytes)
1747972582.470494 sending message 112 to peer 0x55b94010cdb0 (11 bytes)
1747972582.470501 sending message 112 to peer 0x55b94010cdb0 (12 bytes)
1747972582.470507 sending message 112 to peer 0x55b94010cdb0 (13 bytes)
1747972582.470514 sending message 112 to peer 0x55b94010cdb0 (13 bytes)
1747972582.470520 sending message 112 to peer 0x55b94010cdb0 (13 bytes)
1747972582.470526 sending message 112 to peer 0x55b94010cdb0 (13 bytes)
1747972582.470533 sending message 112 to peer 0x55b94010cdb0 (13 bytes)
1747972582.470539 sending message 112 to peer 0x55b94010cdb0 (11 bytes)
1747972582.470546 sending message 112 to peer 0x55b94010cdb0 (12 bytes)
1747972582.470552 sending message 112 to peer 0x55b94010cdb0 (12 bytes)
1747972582.470559 sending message 112 to peer 0x55b94010cdb0 (12 bytes)
1747972582.470566 sending message 112 to peer 0x55b94010cdb0 (12 bytes)
1747972582.470572 sending message 112 to peer 0x55b94010cdb0 (12 bytes)
1747972582.470579 sending message 112 to peer 0x55b94010cdb0 (21 bytes)
1747972582.470586 sending message 112 to peer 0x55b94010cdb0 (12 bytes)
1747972582.470593 sending message 112 to peer 0x55b94010cdb0 (9 bytes)
1747972582.470599 sending message 112 to peer 0x55b94010cdb0 (6 bytes)
1747972582.470606 sending message 112 to peer 0x55b94010cdb0 (13 bytes)
1747972582.470613 sending message 112 to peer 0x55b94010cdb0 (8 bytes)
1747972582.470620 sending message 112 to peer 0x55b94010cdb0 (15 bytes)
1747972582.470627 sending message 112 to peer 0x55b94010cdb0 (13 bytes)
1747972582.470634 sending message 112 to peer 0x55b94010cdb0 (9 bytes)
1747972582.470641 sending message 112 to peer 0x55b94010cdb0 (70 bytes)
1747972582.470648 sending message 112 to peer 0x55b94010cdb0 (69 bytes)
1747972582.470655 sending message 112 to peer 0x55b94010cdb0 (10 bytes)
1747972582.470662 sending message 112 to peer 0x55b94010cdb0 (10 bytes)
1747972582.470669 sending message 112 to peer 0x55b94010cdb0 (8 bytes)
1747972582.470675 sending message 112 to peer 0x55b94010cdb0 (15 bytes)
1747972582.470682 sending message 112 to peer 0x55b94010cdb0 (13 bytes)
1747972582.470689 sending message 112 to peer 0x55b94010cdb0 (10 bytes)
1747972582.470695 sending message 112 to peer 0x55b94010cdb0 (10 bytes)
1747972582.470702 sending message 112 to peer 0x55b94010cdb0 (17 bytes)
1747972582.470708 sending message 112 to peer 0x55b94010cdb0 (10 bytes)
1747972582.470715 sending message 112 to peer 0x55b94010cdb0 (13 bytes)
1747972582.470722 sending message 112 to peer 0x55b94010cdb0 (9 bytes)
1747972582.470729 sending message 112 to peer 0x55b94010cdb0 (5 bytes)
1747972582.470735 sending message 112 to peer 0x55b94010cdb0 (15 bytes)
1747972582.470744 sending message 104 to peer 0x55b94010cdb0 (0 bytes)
1747972582.470752 sending message 110 to peer 0x55b94010cdb0 (0 bytes)
1747972582.470760 sending message 107 to peer 0x55b94010cdb0 (4 bytes)
1747972582.470767 sending message 105 to peer 0x55b94010cdb0 (20 bytes)
1747972582.470774 sending message 105 to peer 0x55b94010cdb0 (33 bytes)
1747972582.470781 sending message 105 to peer 0x55b94010cdb0 (32 bytes)
1747972582.470788 sending message 105 to peer 0x55b94010cdb0 (78 bytes)
1747972582.470795 sending message 105 to peer 0x55b94010cdb0 (20 bytes)
1747972582.470802 sending message 105 to peer 0x55b94010cdb0 (17 bytes)
1747972582.470809 sending message 105 to peer 0x55b94010cdb0 (103 bytes)
1747972582.470817 sending message 105 to peer 0x55b94010cdb0 (8 bytes)
1747972582.470823 sending message 105 to peer 0x55b94010cdb0 (58 bytes)
1747972582.470830 sending message 105 to peer 0x55b94010cdb0 (59 bytes)
1747972582.470842 sending message 105 to peer 0x55b94010cdb0 (34 bytes)
1747972582.470850 sending message 105 to peer 0x55b94010cdb0 (24 bytes)
1747972582.470858 sending message 105 to peer 0x55b94010cdb0 (26 bytes)
1747972582.470864 sending message 105 to peer 0x55b94010cdb0 (43 bytes)
1747972582.470871 sending message 105 to peer 0x55b94010cdb0 (35 bytes)
1747972582.470878 sending message 105 to peer 0x55b94010cdb0 (16 bytes)
1747972582.470885 sending message 105 to peer 0x55b94010cdb0 (20 bytes)
1747972582.470892 sending message 105 to peer 0x55b94010cdb0 (43 bytes)
1747972582.470899 sending message 105 to peer 0x55b94010cdb0 (10 bytes)
1747972582.470905 sending message 105 to peer 0x55b94010cdb0 (29 bytes)
1747972582.470912 sending message 105 to peer 0x55b94010cdb0 (46 bytes)
1747972582.470919 sending message 105 to peer 0x55b94010cdb0 (51 bytes)
1747972582.470926 sending message 105 to peer 0x55b94010cdb0 (56 bytes)
1747972582.470933 sending message 105 to peer 0x55b94010cdb0 (34 bytes)
1747972582.470939 sending message 105 to peer 0x55b94010cdb0 (40 bytes)
1747972582.470947 sending message 105 to peer 0x55b94010cdb0 (20 bytes)
1747972582.470954 sending message 105 to peer 0x55b94010cdb0 (23 bytes)
1747972582.470961 sending message 105 to peer 0x55b94010cdb0 (26 bytes)
1747972582.470968 sending message 105 to peer 0x55b94010cdb0 (69 bytes)
1747972582.470975 sending message 105 to peer 0x55b94010cdb0 (25 bytes)
1747972582.470983 sending message 105 to peer 0x55b94010cdb0 (20 bytes)
1747972582.470990 sending message 105 to peer 0x55b94010cdb0 (21 bytes)
1747972582.470996 sending message 105 to peer 0x55b94010cdb0 (15 bytes)
1747972582.471003 sending message 105 to peer 0x55b94010cdb0 (27 bytes)
1747972582.471010 sending message 105 to peer 0x55b94010cdb0 (24 bytes)
1747972582.471017 sending message 105 to peer 0x55b94010cdb0 (24 bytes)
1747972582.471025 sending message 105 to peer 0x55b94010cdb0 (12 bytes)
1747972582.471032 sending message 105 to peer 0x55b94010cdb0 (25 bytes)
1747972582.471038 sending message 105 to peer 0x55b94010cdb0 (22 bytes)
1747972582.471045 sending message 105 to peer 0x55b94010cdb0 (39 bytes)
1747972582.471053 sending message 105 to peer 0x55b94010cdb0 (35 bytes)
1747972582.471060 sending message 105 to peer 0x55b94010cdb0 (16 bytes)
1747972582.471067 sending message 105 to peer 0x55b94010cdb0 (32 bytes)
1747972582.471074 sending message 105 to peer 0x55b94010cdb0 (40 bytes)
1747972582.471081 sending message 105 to peer 0x55b94010cdb0 (15 bytes)
1747972582.471088 sending message 105 to peer 0x55b94010cdb0 (33 bytes)
1747972582.471094 sending message 105 to peer 0x55b94010cdb0 (17 bytes)
1747972582.471112 sending message 105 to peer 0x55b94010cdb0 (57 bytes)
1747972582.471120 sending message 105 to peer 0x55b94010cdb0 (1905 bytes)
1747972582.471163 sending message 105 to peer 0x55b94010cdb0 (24 bytes)
1747972582.471171 sending message 105 to peer 0x55b94010cdb0 (37 bytes)
1747972582.471178 sending message 105 to peer 0x55b94010cdb0 (53 bytes)
1747972582.471185 sending message 105 to peer 0x55b94010cdb0 (138 bytes)
1747972582.471192 sending message 105 to peer 0x55b94010cdb0 (26 bytes)
1747972582.471199 sending message 105 to peer 0x55b94010cdb0 (29 bytes)
1747972582.471205 sending message 105 to peer 0x55b94010cdb0 (17 bytes)
1747972582.471212 sending message 105 to peer 0x55b94010cdb0 (28 bytes)
1747972582.471219 sending message 105 to peer 0x55b94010cdb0 (55 bytes)
1747972582.471225 sending message 105 to peer 0x55b94010cdb0 (52 bytes)
1747972582.471232 sending message 105 to peer 0x55b94010cdb0 (47 bytes)
1747972582.471239 sending message 105 to peer 0x55b94010cdb0 (16 bytes)
1747972582.471245 sending message 105 to peer 0x55b94010cdb0 (23 bytes)
1747972582.471252 sending message 105 to peer 0x55b94010cdb0 (26 bytes)
1747972582.471258 sending message 105 to peer 0x55b94010cdb0 (21 bytes)
1747972582.471265 sending message 105 to peer 0x55b94010cdb0 (23 bytes)
1747972582.471272 sending message 105 to peer 0x55b94010cdb0 (73 bytes)
1747972582.471279 sending message 105 to peer 0x55b94010cdb0 (22 bytes)
1747972582.471291 sending message 105 to peer 0x55b94010cdb0 (28 bytes)
1747972582.471300 sending message 105 to peer 0x55b94010cdb0 (23 bytes)
1747972582.471307 sending message 105 to peer 0x55b94010cdb0 (19 bytes)
1747972582.471314 sending message 105 to peer 0x55b94010cdb0 (35 bytes)
1747972582.471321 sending message 105 to peer 0x55b94010cdb0 (9 bytes)
1747972582.471328 sending message 105 to peer 0x55b94010cdb0 (14 bytes)
1747972582.471335 sending message 105 to peer 0x55b94010cdb0 (35 bytes)
1747972582.471341 sending message 105 to peer 0x55b94010cdb0 (23 bytes)
1747972582.471348 sending message 105 to peer 0x55b94010cdb0 (22 bytes)
1747972582.471355 sending message 105 to peer 0x55b94010cdb0 (50 bytes)
1747972582.471362 sending message 105 to peer 0x55b94010cdb0 (11 bytes)
1747972582.471369 sending message 105 to peer 0x55b94010cdb0 (8 bytes)
1747972582.471376 sending message 105 to peer 0x55b94010cdb0 (14 bytes)
1747972582.471382 sending message 105 to peer 0x55b94010cdb0 (11 bytes)
1747972582.471389 sending message 105 to peer 0x55b94010cdb0 (12 bytes)
1747972582.471396 sending message 105 to peer 0x55b94010cdb0 (11 bytes)
1747972582.471402 sending message 105 to peer 0x55b94010cdb0 (17 bytes)
1747972582.471409 sending message 105 to peer 0x55b94010cdb0 (59 bytes)
1747972582.471416 sending message 105 to peer 0x55b94010cdb0 (27 bytes)
1747972582.471423 sending message 105 to peer 0x55b94010cdb0 (155 bytes)
1747972582.471430 sending message 105 to peer 0x55b94010cdb0 (21 bytes)
1747972582.471437 sending message 105 to peer 0x55b94010cdb0 (43 bytes)
1747972582.471443 sending message 105 to peer 0x55b94010cdb0 (31 bytes)
1747972582.471450 sending message 105 to peer 0x55b94010cdb0 (28 bytes)
1747972582.471457 sending message 105 to peer 0x55b94010cdb0 (55 bytes)
1747972582.471464 sending message 105 to peer 0x55b94010cdb0 (40 bytes)
1747972582.471471 sending message 105 to peer 0x55b94010cdb0 (13 bytes)
1747972582.471478 sending message 105 to peer 0x55b94010cdb0 (30 bytes)
1747972582.471484 sending message 105 to peer 0x55b94010cdb0 (23 bytes)
1747972582.471491 sending message 105 to peer 0x55b94010cdb0 (141 bytes)
1747972582.471498 sending message 105 to peer 0x55b94010cdb0 (22 bytes)
1747972582.471505 sending message 105 to peer 0x55b94010cdb0 (478 bytes)
1747972582.471512 sending message 105 to peer 0x55b94010cdb0 (24 bytes)
1747972582.471519 sending message 105 to peer 0x55b94010cdb0 (54 bytes)
1747972582.471526 sending message 105 to peer 0x55b94010cdb0 (166 bytes)
1747972582.471533 sending message 105 to peer 0x55b94010cdb0 (28 bytes)
1747972582.471540 sending message 105 to peer 0x55b94010cdb0 (50 bytes)
1747972582.471547 sending message 105 to peer 0x55b94010cdb0 (25 bytes)
1747972582.471554 sending message 105 to peer 0x55b94010cdb0 (29 bytes)
1747972582.471561 sending message 105 to peer 0x55b94010cdb0 (15 bytes)
1747972582.471568 sending message 105 to peer 0x55b94010cdb0 (18 bytes)
1747972582.471575 sending message 105 to peer 0x55b94010cdb0 (32 bytes)
1747972582.471582 sending message 105 to peer 0x55b94010cdb0 (16 bytes)
1747972582.471589 sending message 105 to peer 0x55b94010cdb0 (25 bytes)
1747972582.471595 sending message 106 to peer 0x55b94010cdb0 (0 bytes)
1747972582.471698 cmd_pack_argv: argv[0]=new
1747972582.471706 sending message 200 to peer 0x55b94010cdb0 (8 bytes)
1747972582.471713 client loop enter
1747972582.472747 peer 0x55b94010cdb0 message 303
1747972582.472756 open write file 2 -
1747972582.472769 sending message 305 to peer 0x55b94010cdb0 (8 bytes)
1747972582.472782 write check file 2
1747972582.473073 peer 0x55b94010cdb0 message 304
1747972582.473079 write 58 to file 2
1747972582.473087 peer 0x55b94010cdb0 message 203
1747972582.473094 file 2 58 bytes left
1747972582.473124 write check file 2
1747972582.473130 client loop exit
